MPLINK 4.49, Linker
Linker Map File - Created Fri Mar 10 18:14:00 2023

                                 Section Info
                  Section       Type    Address   Location Size(Bytes)
                ---------  ---------  ---------  ---------  ---------
                   .org_0       code   0x000000    program   0x000002
                   .org_1       code   0x000008    program   0x00000a
                   .org_2       code   0x000018    program   0x00076e
                   .cinit    romdata   0x000786    program   0x00000e
                  bank0_i    romdata   0x000794    program   0x00002c
                    bank0      idata   0x000000       data   0x00002c



                              Program Memory Usage 
                               Start         End      
                           ---------   ---------      
                            0x000000    0x000001      
                            0x000008    0x000011      
                            0x000018    0x0007bf      
            1972 out of 8216 program addresses used, program memory utilization is 24%



                              Symbols - Sorted by Name
                     Name    Address   Location    Storage File                     
                ---------  ---------  ---------  --------- ---------                
                ASCII_TBL   0x00002e    program     static E:\kevin\picasm\sixonemaNew\sixonema.asm
                BIT_TRANS   0x00001c    program     static E:\kevin\picasm\sixonemaNew\sixonema.asm
                 BUTCLICK   0x000518    program     static E:\kevin\picasm\sixonemaNew\sixonema.asm
                  BUTFREE   0x000508    program     static E:\kevin\picasm\sixonemaNew\sixonema.asm
          BUTFREE_HANDSET   0x000514    program     static E:\kevin\picasm\sixonemaNew\sixonema.asm
                 BUTPRESS   0x0004f8    program     static E:\kevin\picasm\sixonemaNew\sixonema.asm
         BUTPRESS_HANDSET   0x000504    program     static E:\kevin\picasm\sixonemaNew\sixonema.asm
                CHK_KEYIN   0x000440    program     static E:\kevin\picasm\sixonemaNew\sixonema.asm
              CHK_KEYIN_0   0x000486    program     static E:\kevin\picasm\sixonemaNew\sixonema.asm
              CHK_KEYIN_1   0x000498    program     static E:\kevin\picasm\sixonemaNew\sixonema.asm
             CHK_KEYIN_11   0x0004ac    program     static E:\kevin\picasm\sixonemaNew\sixonema.asm
             CHK_KEYIN_12   0x0004ca    program     static E:\kevin\picasm\sixonemaNew\sixonema.asm
              CHK_KEYIN_2   0x0004d0    program     static E:\kevin\picasm\sixonemaNew\sixonema.asm
              CHK_KEYIN_3   0x0004e4    program     static E:\kevin\picasm\sixonemaNew\sixonema.asm
              CHK_KEYIN_4   0x0004f2    program     static E:\kevin\picasm\sixonemaNew\sixonema.asm
               CLICK_BOOK   0x0006ca    program     static E:\kevin\picasm\sixonemaNew\sixonema.asm
               CLICK_DOWN   0x0006b6    program     static E:\kevin\picasm\sixonemaNew\sixonema.asm
       CLICK_HANDFREE_OFF   0x00068c    program     static E:\kevin\picasm\sixonemaNew\sixonema.asm
        CLICK_HANDFREE_ON   0x000686    program     static E:\kevin\picasm\sixonemaNew\sixonema.asm
            CLICK_HANDSET   0x00067a    program     static E:\kevin\picasm\sixonemaNew\sixonema.asm
               CLICK_INFO   0x0006c0    program     static E:\kevin\picasm\sixonemaNew\sixonema.asm
               CLICK_LEFT   0x0006b0    program     static E:\kevin\picasm\sixonemaNew\sixonema.asm
              CLICK_LIGHT   0x0006c8    program     static E:\kevin\picasm\sixonemaNew\sixonema.asm
                 CLICK_M1   0x00061a    program     static E:\kevin\picasm\sixonemaNew\sixonema.asm
                 CLICK_M2   0x000632    program     static E:\kevin\picasm\sixonemaNew\sixonema.asm
                 CLICK_M3   0x00064a    program     static E:\kevin\picasm\sixonemaNew\sixonema.asm
                 CLICK_M4   0x000662    program     static E:\kevin\picasm\sixonemaNew\sixonema.asm
               CLICK_MODE   0x0006be    program     static E:\kevin\picasm\sixonemaNew\sixonema.asm
               CLICK_MUTE   0x000698    program     static E:\kevin\picasm\sixonemaNew\sixonema.asm
               CLICK_NUM0   0x00066e    program     static E:\kevin\picasm\sixonemaNew\sixonema.asm
               CLICK_NUM1   0x000620    program     static E:\kevin\picasm\sixonemaNew\sixonema.asm
               CLICK_NUM2   0x000626    program     static E:\kevin\picasm\sixonemaNew\sixonema.asm
               CLICK_NUM3   0x00062c    program     static E:\kevin\picasm\sixonemaNew\sixonema.asm
               CLICK_NUM4   0x000638    program     static E:\kevin\picasm\sixonemaNew\sixonema.asm
               CLICK_NUM5   0x00063e    program     static E:\kevin\picasm\sixonemaNew\sixonema.asm
               CLICK_NUM6   0x000644    program     static E:\kevin\picasm\sixonemaNew\sixonema.asm
               CLICK_NUM7   0x000650    program     static E:\kevin\picasm\sixonemaNew\sixonema.asm
               CLICK_NUM8   0x000656    program     static E:\kevin\picasm\sixonemaNew\sixonema.asm
               CLICK_NUM9   0x00065c    program     static E:\kevin\picasm\sixonemaNew\sixonema.asm
                 CLICK_OK   0x000692    program     static E:\kevin\picasm\sixonemaNew\sixonema.asm
              CLICK_RIGHT   0x0006bc    program     static E:\kevin\picasm\sixonemaNew\sixonema.asm
              CLICK_SHARP   0x000674    program     static E:\kevin\picasm\sixonemaNew\sixonema.asm
               CLICK_STAR   0x000668    program     static E:\kevin\picasm\sixonemaNew\sixonema.asm
           CLICK_TRIANGLE   0x000680    program     static E:\kevin\picasm\sixonemaNew\sixonema.asm
                 CLICK_UP   0x0006aa    program     static E:\kevin\picasm\sixonemaNew\sixonema.asm
            CLICK_VOLDOWN   0x00069e    program     static E:\kevin\picasm\sixonemaNew\sixonema.asm
              CLICK_VOLUP   0x0006a4    program     static E:\kevin\picasm\sixonemaNew\sixonema.asm
               CLR_ALLRAM   0x00032a    program     static E:\kevin\picasm\sixonemaNew\sixonema.asm
              CLR_ALLRAM1   0x00032e    program     static E:\kevin\picasm\sixonemaNew\sixonema.asm
                  CLR_LCD   0x0000b6    program     static E:\kevin\picasm\sixonemaNew\sixonema.asm
               CLR_LCD0_1   0x0000c0    program     static E:\kevin\picasm\sixonemaNew\sixonema.asm
                   DECLCD   0x0000ca    program     static E:\kevin\picasm\sixonemaNew\sixonema.asm
                 DECLCD_1   0x0000fc    program     static E:\kevin\picasm\sixonemaNew\sixonema.asm
                 DECLCD_2   0x00010c    program     static E:\kevin\picasm\sixonemaNew\sixonema.asm
                 DECLCD_3   0x00010e    program     static E:\kevin\picasm\sixonemaNew\sixonema.asm
                     DLY0   0x00077a    program     static E:\kevin\picasm\sixonemaNew\sixonema.asm
                     DLY1   0x000776    program     static E:\kevin\picasm\sixonemaNew\sixonema.asm
                    DLYMS   0x000772    program     static E:\kevin\picasm\sixonemaNew\sixonema.asm
                    DLYMX   0x000774    program     static E:\kevin\picasm\sixonemaNew\sixonema.asm
                 FREE_KEY   0x0003c8    program     static E:\kevin\picasm\sixonemaNew\sixonema.asm
               GOTOXY_LCD   0x0000ac    program     static E:\kevin\picasm\sixonemaNew\sixonema.asm
              HISR_VECTOR   0x000002    program     static E:\kevin\picasm\sixonemaNew\sixonema.asm
                  HOFFPRG   0x000380    program     static E:\kevin\picasm\sixonemaNew\sixonema.asm
                 INIT_INT   0x000726    program     static E:\kevin\picasm\sixonemaNew\sixonema.asm
                  INIT_IO   0x0002a4    program     static E:\kevin\picasm\sixonemaNew\sixonema.asm
                 INIT_OSC   0x000296    program     static E:\kevin\picasm\sixonemaNew\sixonema.asm
                 INIT_RAM   0x000704    program     static E:\kevin\picasm\sixonemaNew\sixonema.asm
                 INIT_SPI   0x00025a    program     static E:\kevin\picasm\sixonemaNew\sixonema.asm
               INIT_TIMER   0x00074a    program     static E:\kevin\picasm\sixonemaNew\sixonema.asm
                   INLED0   0x00014a    program     static E:\kevin\picasm\sixonemaNew\sixonema.asm
                   INLED1   0x000162    program     static E:\kevin\picasm\sixonemaNew\sixonema.asm
                   INLED2   0x00017a    program     static E:\kevin\picasm\sixonemaNew\sixonema.asm
                   INLED3   0x000196    program     static E:\kevin\picasm\sixonemaNew\sixonema.asm
                  INT0PRG   0x000058    program     static E:\kevin\picasm\sixonemaNew\sixonema.asm
                 INT0_END   0x00009c    program     static E:\kevin\picasm\sixonemaNew\sixonema.asm
                   INT1_1   0x00007c    program     static E:\kevin\picasm\sixonemaNew\sixonema.asm
                  INT2PRG   0x0000a4    program     static E:\kevin\picasm\sixonemaNew\sixonema.asm
                   KEYOUT   0x00021c    program     static E:\kevin\picasm\sixonemaNew\sixonema.asm
                 KPUSH_M1   0x0003b0    program     static E:\kevin\picasm\sixonemaNew\sixonema.asm
                KPUSH_PTT   0x0003ba    program     static E:\kevin\picasm\sixonemaNew\sixonema.asm
              LISR_VECTOR   0x000012    program     static E:\kevin\picasm\sixonemaNew\sixonema.asm
                     LOOP   0x000282    program     static E:\kevin\picasm\sixonemaNew\sixonema.asm
                    LOOP0   0x000272    program     static E:\kevin\picasm\sixonemaNew\sixonema.asm
                     MAIN   0x0003d4    program     static E:\kevin\picasm\sixonemaNew\sixonema.asm
                  MAINT_1   0x000360    program     static E:\kevin\picasm\sixonemaNew\sixonema.asm
                  MAINT_2   0x00036e    program     static E:\kevin\picasm\sixonemaNew\sixonema.asm
                MAINT_PRG   0x00033c    program     static E:\kevin\picasm\sixonemaNew\sixonema.asm
                  OUTKEY0   0x0001ac    program     static E:\kevin\picasm\sixonemaNew\sixonema.asm
                  OUTKEY1   0x0001c8    program     static E:\kevin\picasm\sixonemaNew\sixonema.asm
                  OUTKEY2   0x0001e4    program     static E:\kevin\picasm\sixonemaNew\sixonema.asm
                  OUTKEY3   0x000200    program     static E:\kevin\picasm\sixonemaNew\sixonema.asm
                 POWER_ON   0x0002de    program     static E:\kevin\picasm\sixonemaNew\sixonema.asm
                   PTTPRG   0x00038c    program     static E:\kevin\picasm\sixonemaNew\sixonema.asm
             RESET_VECTOR   0x000000    program     static E:\kevin\picasm\sixonemaNew\sixonema.asm
                   SPIOUT   0x0006d2    program     static E:\kevin\picasm\sixonemaNew\sixonema.asm
                 SPIOUT_1   0x0006ea    program     static E:\kevin\picasm\sixonemaNew\sixonema.asm
                 SPIOUT_2   0x0006f4    program     static E:\kevin\picasm\sixonemaNew\sixonema.asm
                   SPIPRG   0x00040c    program     static E:\kevin\picasm\sixonemaNew\sixonema.asm
                 TEST_OSC   0x00030c    program     static E:\kevin\picasm\sixonemaNew\sixonema.asm
               TEST_OSC_1   0x00030e    program     static E:\kevin\picasm\sixonemaNew\sixonema.asm
                 TEST_SPI   0x00026a    program     static E:\kevin\picasm\sixonemaNew\sixonema.asm
               TEST_SPI_1   0x00026c    program     static E:\kevin\picasm\sixonemaNew\sixonema.asm
                TIMER_PRG   0x000750    program     static E:\kevin\picasm\sixonemaNew\sixonema.asm
               TRANS_FASC   0x000122    program     static E:\kevin\picasm\sixonemaNew\sixonema.asm
             TRANS_FASC_1   0x00012e    program     static E:\kevin\picasm\sixonemaNew\sixonema.asm
             TRANS_FASC_2   0x00013a    program     static E:\kevin\picasm\sixonemaNew\sixonema.asm
             TRANS_FASC_3   0x000146    program     static E:\kevin\picasm\sixonemaNew\sixonema.asm
                   WAKEUP   0x0002de    program     static E:\kevin\picasm\sixonemaNew\sixonema.asm
                CLICK_TIM   0x00001f       data     static E:\kevin\picasm\sixonemaNew\sixonema.asm
                DEBUG_CNT   0x000015       data     static E:\kevin\picasm\sixonemaNew\sixonema.asm
                    FLAGA   0x000000       data     static E:\kevin\picasm\sixonemaNew\sixonema.asm
                    FLAGB   0x000001       data     static E:\kevin\picasm\sixonemaNew\sixonema.asm
                    FLAGC   0x000002       data     static E:\kevin\picasm\sixonemaNew\sixonema.asm
                    FLAGD   0x000003       data     static E:\kevin\picasm\sixonemaNew\sixonema.asm
                  FSR1H_B   0x000010       data     static E:\kevin\picasm\sixonemaNew\sixonema.asm
                  FSR1L_B   0x00000f       data     static E:\kevin\picasm\sixonemaNew\sixonema.asm
                 HOFF_TIM   0x00002a       data     static E:\kevin\picasm\sixonemaNew\sixonema.asm
                   INTBUF   0x000024       data     static E:\kevin\picasm\sixonemaNew\sixonema.asm
                 KEYFLAG0   0x000020       data     static E:\kevin\picasm\sixonemaNew\sixonema.asm
                 KEYFLAG1   0x000021       data     static E:\kevin\picasm\sixonemaNew\sixonema.asm
                 KEYFLAG2   0x000022       data     static E:\kevin\picasm\sixonemaNew\sixonema.asm
                 KEYFLAG3   0x000023       data     static E:\kevin\picasm\sixonemaNew\sixonema.asm
                      KID   0x00001e       data     static E:\kevin\picasm\sixonemaNew\sixonema.asm
                 LCDA_PTR   0x000011       data     static E:\kevin\picasm\sixonemaNew\sixonema.asm
                 LCDB_PTR   0x000012       data     static E:\kevin\picasm\sixonemaNew\sixonema.asm
                 LCD_ACTT   0x000014       data     static E:\kevin\picasm\sixonemaNew\sixonema.asm
                  LCD_INX   0x000013       data     static E:\kevin\picasm\sixonemaNew\sixonema.asm
                 LED_BUF0   0x000018       data     static E:\kevin\picasm\sixonemaNew\sixonema.asm
                 LED_BUF1   0x000019       data     static E:\kevin\picasm\sixonemaNew\sixonema.asm
                 LED_BUF2   0x00001a       data     static E:\kevin\picasm\sixonemaNew\sixonema.asm
                 LED_BUF3   0x00001b       data     static E:\kevin\picasm\sixonemaNew\sixonema.asm
                   PREKEY   0x00001d       data     static E:\kevin\picasm\sixonemaNew\sixonema.asm
                  PTT_TIM   0x00001c       data     static E:\kevin\picasm\sixonemaNew\sixonema.asm
                  RES_END   0x00002b       data     static E:\kevin\picasm\sixonemaNew\sixonema.asm
                      RR0   0x000006       data     static E:\kevin\picasm\sixonemaNew\sixonema.asm
                      RR1   0x000007       data     static E:\kevin\picasm\sixonemaNew\sixonema.asm
                      RR2   0x000008       data     static E:\kevin\picasm\sixonemaNew\sixonema.asm
                      RR3   0x000009       data     static E:\kevin\picasm\sixonemaNew\sixonema.asm
                      RR4   0x00000a       data     static E:\kevin\picasm\sixonemaNew\sixonema.asm
                      RR5   0x00000b       data     static E:\kevin\picasm\sixonemaNew\sixonema.asm
                      RR6   0x00000c       data     static E:\kevin\picasm\sixonemaNew\sixonema.asm
                      RR7   0x00000d       data     static E:\kevin\picasm\sixonemaNew\sixonema.asm
                      RR8   0x00000e       data     static E:\kevin\picasm\sixonemaNew\sixonema.asm
                 SPI_ACTT   0x000016       data     static E:\kevin\picasm\sixonemaNew\sixonema.asm
                  SPI_INX   0x000017       data     static E:\kevin\picasm\sixonemaNew\sixonema.asm
              STATUS_TEMP   0x000005       data     static E:\kevin\picasm\sixonemaNew\sixonema.asm
              TIMER_FLAG0   0x000025       data     static E:\kevin\picasm\sixonemaNew\sixonema.asm
              TIMER_FLAG1   0x000026       data     static E:\kevin\picasm\sixonemaNew\sixonema.asm
                TMR3H_BUF   0x000027       data     static E:\kevin\picasm\sixonemaNew\sixonema.asm
                TMR3K_BUF   0x000028       data     static E:\kevin\picasm\sixonemaNew\sixonema.asm
                TMR3K_CNT   0x000029       data     static E:\kevin\picasm\sixonemaNew\sixonema.asm
                   W_TEMP   0x000004       data     static E:\kevin\picasm\sixonemaNew\sixonema.asm



                              Symbols - Sorted by Address
                     Name    Address   Location    Storage File                     
                ---------  ---------  ---------  --------- ---------                
             RESET_VECTOR   0x000000    program     static E:\kevin\picasm\sixonemaNew\sixonema.asm
              HISR_VECTOR   0x000002    program     static E:\kevin\picasm\sixonemaNew\sixonema.asm
              LISR_VECTOR   0x000012    program     static E:\kevin\picasm\sixonemaNew\sixonema.asm
                BIT_TRANS   0x00001c    program     static E:\kevin\picasm\sixonemaNew\sixonema.asm
                ASCII_TBL   0x00002e    program     static E:\kevin\picasm\sixonemaNew\sixonema.asm
                  INT0PRG   0x000058    program     static E:\kevin\picasm\sixonemaNew\sixonema.asm
                   INT1_1   0x00007c    program     static E:\kevin\picasm\sixonemaNew\sixonema.asm
                 INT0_END   0x00009c    program     static E:\kevin\picasm\sixonemaNew\sixonema.asm
                  INT2PRG   0x0000a4    program     static E:\kevin\picasm\sixonemaNew\sixonema.asm
               GOTOXY_LCD   0x0000ac    program     static E:\kevin\picasm\sixonemaNew\sixonema.asm
                  CLR_LCD   0x0000b6    program     static E:\kevin\picasm\sixonemaNew\sixonema.asm
               CLR_LCD0_1   0x0000c0    program     static E:\kevin\picasm\sixonemaNew\sixonema.asm
                   DECLCD   0x0000ca    program     static E:\kevin\picasm\sixonemaNew\sixonema.asm
                 DECLCD_1   0x0000fc    program     static E:\kevin\picasm\sixonemaNew\sixonema.asm
                 DECLCD_2   0x00010c    program     static E:\kevin\picasm\sixonemaNew\sixonema.asm
                 DECLCD_3   0x00010e    program     static E:\kevin\picasm\sixonemaNew\sixonema.asm
               TRANS_FASC   0x000122    program     static E:\kevin\picasm\sixonemaNew\sixonema.asm
             TRANS_FASC_1   0x00012e    program     static E:\kevin\picasm\sixonemaNew\sixonema.asm
             TRANS_FASC_2   0x00013a    program     static E:\kevin\picasm\sixonemaNew\sixonema.asm
             TRANS_FASC_3   0x000146    program     static E:\kevin\picasm\sixonemaNew\sixonema.asm
                   INLED0   0x00014a    program     static E:\kevin\picasm\sixonemaNew\sixonema.asm
                   INLED1   0x000162    program     static E:\kevin\picasm\sixonemaNew\sixonema.asm
                   INLED2   0x00017a    program     static E:\kevin\picasm\sixonemaNew\sixonema.asm
                   INLED3   0x000196    program     static E:\kevin\picasm\sixonemaNew\sixonema.asm
                  OUTKEY0   0x0001ac    program     static E:\kevin\picasm\sixonemaNew\sixonema.asm
                  OUTKEY1   0x0001c8    program     static E:\kevin\picasm\sixonemaNew\sixonema.asm
                  OUTKEY2   0x0001e4    program     static E:\kevin\picasm\sixonemaNew\sixonema.asm
                  OUTKEY3   0x000200    program     static E:\kevin\picasm\sixonemaNew\sixonema.asm
                   KEYOUT   0x00021c    program     static E:\kevin\picasm\sixonemaNew\sixonema.asm
                 INIT_SPI   0x00025a    program     static E:\kevin\picasm\sixonemaNew\sixonema.asm
                 TEST_SPI   0x00026a    program     static E:\kevin\picasm\sixonemaNew\sixonema.asm
               TEST_SPI_1   0x00026c    program     static E:\kevin\picasm\sixonemaNew\sixonema.asm
                    LOOP0   0x000272    program     static E:\kevin\picasm\sixonemaNew\sixonema.asm
                     LOOP   0x000282    program     static E:\kevin\picasm\sixonemaNew\sixonema.asm
                 INIT_OSC   0x000296    program     static E:\kevin\picasm\sixonemaNew\sixonema.asm
                  INIT_IO   0x0002a4    program     static E:\kevin\picasm\sixonemaNew\sixonema.asm
                 POWER_ON   0x0002de    program     static E:\kevin\picasm\sixonemaNew\sixonema.asm
                   WAKEUP   0x0002de    program     static E:\kevin\picasm\sixonemaNew\sixonema.asm
                 TEST_OSC   0x00030c    program     static E:\kevin\picasm\sixonemaNew\sixonema.asm
               TEST_OSC_1   0x00030e    program     static E:\kevin\picasm\sixonemaNew\sixonema.asm
               CLR_ALLRAM   0x00032a    program     static E:\kevin\picasm\sixonemaNew\sixonema.asm
              CLR_ALLRAM1   0x00032e    program     static E:\kevin\picasm\sixonemaNew\sixonema.asm
                MAINT_PRG   0x00033c    program     static E:\kevin\picasm\sixonemaNew\sixonema.asm
                  MAINT_1   0x000360    program     static E:\kevin\picasm\sixonemaNew\sixonema.asm
                  MAINT_2   0x00036e    program     static E:\kevin\picasm\sixonemaNew\sixonema.asm
                  HOFFPRG   0x000380    program     static E:\kevin\picasm\sixonemaNew\sixonema.asm
                   PTTPRG   0x00038c    program     static E:\kevin\picasm\sixonemaNew\sixonema.asm
                 KPUSH_M1   0x0003b0    program     static E:\kevin\picasm\sixonemaNew\sixonema.asm
                KPUSH_PTT   0x0003ba    program     static E:\kevin\picasm\sixonemaNew\sixonema.asm
                 FREE_KEY   0x0003c8    program     static E:\kevin\picasm\sixonemaNew\sixonema.asm
                     MAIN   0x0003d4    program     static E:\kevin\picasm\sixonemaNew\sixonema.asm
                   SPIPRG   0x00040c    program     static E:\kevin\picasm\sixonemaNew\sixonema.asm
                CHK_KEYIN   0x000440    program     static E:\kevin\picasm\sixonemaNew\sixonema.asm
              CHK_KEYIN_0   0x000486    program     static E:\kevin\picasm\sixonemaNew\sixonema.asm
              CHK_KEYIN_1   0x000498    program     static E:\kevin\picasm\sixonemaNew\sixonema.asm
             CHK_KEYIN_11   0x0004ac    program     static E:\kevin\picasm\sixonemaNew\sixonema.asm
             CHK_KEYIN_12   0x0004ca    program     static E:\kevin\picasm\sixonemaNew\sixonema.asm
              CHK_KEYIN_2   0x0004d0    program     static E:\kevin\picasm\sixonemaNew\sixonema.asm
              CHK_KEYIN_3   0x0004e4    program     static E:\kevin\picasm\sixonemaNew\sixonema.asm
              CHK_KEYIN_4   0x0004f2    program     static E:\kevin\picasm\sixonemaNew\sixonema.asm
                 BUTPRESS   0x0004f8    program     static E:\kevin\picasm\sixonemaNew\sixonema.asm
         BUTPRESS_HANDSET   0x000504    program     static E:\kevin\picasm\sixonemaNew\sixonema.asm
                  BUTFREE   0x000508    program     static E:\kevin\picasm\sixonemaNew\sixonema.asm
          BUTFREE_HANDSET   0x000514    program     static E:\kevin\picasm\sixonemaNew\sixonema.asm
                 BUTCLICK   0x000518    program     static E:\kevin\picasm\sixonemaNew\sixonema.asm
                 CLICK_M1   0x00061a    program     static E:\kevin\picasm\sixonemaNew\sixonema.asm
               CLICK_NUM1   0x000620    program     static E:\kevin\picasm\sixonemaNew\sixonema.asm
               CLICK_NUM2   0x000626    program     static E:\kevin\picasm\sixonemaNew\sixonema.asm
               CLICK_NUM3   0x00062c    program     static E:\kevin\picasm\sixonemaNew\sixonema.asm
                 CLICK_M2   0x000632    program     static E:\kevin\picasm\sixonemaNew\sixonema.asm
               CLICK_NUM4   0x000638    program     static E:\kevin\picasm\sixonemaNew\sixonema.asm
               CLICK_NUM5   0x00063e    program     static E:\kevin\picasm\sixonemaNew\sixonema.asm
               CLICK_NUM6   0x000644    program     static E:\kevin\picasm\sixonemaNew\sixonema.asm
                 CLICK_M3   0x00064a    program     static E:\kevin\picasm\sixonemaNew\sixonema.asm
               CLICK_NUM7   0x000650    program     static E:\kevin\picasm\sixonemaNew\sixonema.asm
               CLICK_NUM8   0x000656    program     static E:\kevin\picasm\sixonemaNew\sixonema.asm
               CLICK_NUM9   0x00065c    program     static E:\kevin\picasm\sixonemaNew\sixonema.asm
                 CLICK_M4   0x000662    program     static E:\kevin\picasm\sixonemaNew\sixonema.asm
               CLICK_STAR   0x000668    program     static E:\kevin\picasm\sixonemaNew\sixonema.asm
               CLICK_NUM0   0x00066e    program     static E:\kevin\picasm\sixonemaNew\sixonema.asm
              CLICK_SHARP   0x000674    program     static E:\kevin\picasm\sixonemaNew\sixonema.asm
            CLICK_HANDSET   0x00067a    program     static E:\kevin\picasm\sixonemaNew\sixonema.asm
           CLICK_TRIANGLE   0x000680    program     static E:\kevin\picasm\sixonemaNew\sixonema.asm
        CLICK_HANDFREE_ON   0x000686    program     static E:\kevin\picasm\sixonemaNew\sixonema.asm
       CLICK_HANDFREE_OFF   0x00068c    program     static E:\kevin\picasm\sixonemaNew\sixonema.asm
                 CLICK_OK   0x000692    program     static E:\kevin\picasm\sixonemaNew\sixonema.asm
               CLICK_MUTE   0x000698    program     static E:\kevin\picasm\sixonemaNew\sixonema.asm
            CLICK_VOLDOWN   0x00069e    program     static E:\kevin\picasm\sixonemaNew\sixonema.asm
              CLICK_VOLUP   0x0006a4    program     static E:\kevin\picasm\sixonemaNew\sixonema.asm
                 CLICK_UP   0x0006aa    program     static E:\kevin\picasm\sixonemaNew\sixonema.asm
               CLICK_LEFT   0x0006b0    program     static E:\kevin\picasm\sixonemaNew\sixonema.asm
               CLICK_DOWN   0x0006b6    program     static E:\kevin\picasm\sixonemaNew\sixonema.asm
              CLICK_RIGHT   0x0006bc    program     static E:\kevin\picasm\sixonemaNew\sixonema.asm
               CLICK_MODE   0x0006be    program     static E:\kevin\picasm\sixonemaNew\sixonema.asm
               CLICK_INFO   0x0006c0    program     static E:\kevin\picasm\sixonemaNew\sixonema.asm
              CLICK_LIGHT   0x0006c8    program     static E:\kevin\picasm\sixonemaNew\sixonema.asm
               CLICK_BOOK   0x0006ca    program     static E:\kevin\picasm\sixonemaNew\sixonema.asm
                   SPIOUT   0x0006d2    program     static E:\kevin\picasm\sixonemaNew\sixonema.asm
                 SPIOUT_1   0x0006ea    program     static E:\kevin\picasm\sixonemaNew\sixonema.asm
                 SPIOUT_2   0x0006f4    program     static E:\kevin\picasm\sixonemaNew\sixonema.asm
                 INIT_RAM   0x000704    program     static E:\kevin\picasm\sixonemaNew\sixonema.asm
                 INIT_INT   0x000726    program     static E:\kevin\picasm\sixonemaNew\sixonema.asm
               INIT_TIMER   0x00074a    program     static E:\kevin\picasm\sixonemaNew\sixonema.asm
                TIMER_PRG   0x000750    program     static E:\kevin\picasm\sixonemaNew\sixonema.asm
                    DLYMS   0x000772    program     static E:\kevin\picasm\sixonemaNew\sixonema.asm
                    DLYMX   0x000774    program     static E:\kevin\picasm\sixonemaNew\sixonema.asm
                     DLY1   0x000776    program     static E:\kevin\picasm\sixonemaNew\sixonema.asm
                     DLY0   0x00077a    program     static E:\kevin\picasm\sixonemaNew\sixonema.asm
                    FLAGA   0x000000       data     static E:\kevin\picasm\sixonemaNew\sixonema.asm
                    FLAGB   0x000001       data     static E:\kevin\picasm\sixonemaNew\sixonema.asm
                    FLAGC   0x000002       data     static E:\kevin\picasm\sixonemaNew\sixonema.asm
                    FLAGD   0x000003       data     static E:\kevin\picasm\sixonemaNew\sixonema.asm
                   W_TEMP   0x000004       data     static E:\kevin\picasm\sixonemaNew\sixonema.asm
              STATUS_TEMP   0x000005       data     static E:\kevin\picasm\sixonemaNew\sixonema.asm
                      RR0   0x000006       data     static E:\kevin\picasm\sixonemaNew\sixonema.asm
                      RR1   0x000007       data     static E:\kevin\picasm\sixonemaNew\sixonema.asm
                      RR2   0x000008       data     static E:\kevin\picasm\sixonemaNew\sixonema.asm
                      RR3   0x000009       data     static E:\kevin\picasm\sixonemaNew\sixonema.asm
                      RR4   0x00000a       data     static E:\kevin\picasm\sixonemaNew\sixonema.asm
                      RR5   0x00000b       data     static E:\kevin\picasm\sixonemaNew\sixonema.asm
                      RR6   0x00000c       data     static E:\kevin\picasm\sixonemaNew\sixonema.asm
                      RR7   0x00000d       data     static E:\kevin\picasm\sixonemaNew\sixonema.asm
                      RR8   0x00000e       data     static E:\kevin\picasm\sixonemaNew\sixonema.asm
                  FSR1L_B   0x00000f       data     static E:\kevin\picasm\sixonemaNew\sixonema.asm
                  FSR1H_B   0x000010       data     static E:\kevin\picasm\sixonemaNew\sixonema.asm
                 LCDA_PTR   0x000011       data     static E:\kevin\picasm\sixonemaNew\sixonema.asm
                 LCDB_PTR   0x000012       data     static E:\kevin\picasm\sixonemaNew\sixonema.asm
                  LCD_INX   0x000013       data     static E:\kevin\picasm\sixonemaNew\sixonema.asm
                 LCD_ACTT   0x000014       data     static E:\kevin\picasm\sixonemaNew\sixonema.asm
                DEBUG_CNT   0x000015       data     static E:\kevin\picasm\sixonemaNew\sixonema.asm
                 SPI_ACTT   0x000016       data     static E:\kevin\picasm\sixonemaNew\sixonema.asm
                  SPI_INX   0x000017       data     static E:\kevin\picasm\sixonemaNew\sixonema.asm
                 LED_BUF0   0x000018       data     static E:\kevin\picasm\sixonemaNew\sixonema.asm
                 LED_BUF1   0x000019       data     static E:\kevin\picasm\sixonemaNew\sixonema.asm
                 LED_BUF2   0x00001a       data     static E:\kevin\picasm\sixonemaNew\sixonema.asm
                 LED_BUF3   0x00001b       data     static E:\kevin\picasm\sixonemaNew\sixonema.asm
                  PTT_TIM   0x00001c       data     static E:\kevin\picasm\sixonemaNew\sixonema.asm
                   PREKEY   0x00001d       data     static E:\kevin\picasm\sixonemaNew\sixonema.asm
                      KID   0x00001e       data     static E:\kevin\picasm\sixonemaNew\sixonema.asm
                CLICK_TIM   0x00001f       data     static E:\kevin\picasm\sixonemaNew\sixonema.asm
                 KEYFLAG0   0x000020       data     static E:\kevin\picasm\sixonemaNew\sixonema.asm
                 KEYFLAG1   0x000021       data     static E:\kevin\picasm\sixonemaNew\sixonema.asm
                 KEYFLAG2   0x000022       data     static E:\kevin\picasm\sixonemaNew\sixonema.asm
                 KEYFLAG3   0x000023       data     static E:\kevin\picasm\sixonemaNew\sixonema.asm
                   INTBUF   0x000024       data     static E:\kevin\picasm\sixonemaNew\sixonema.asm
              TIMER_FLAG0   0x000025       data     static E:\kevin\picasm\sixonemaNew\sixonema.asm
              TIMER_FLAG1   0x000026       data     static E:\kevin\picasm\sixonemaNew\sixonema.asm
                TMR3H_BUF   0x000027       data     static E:\kevin\picasm\sixonemaNew\sixonema.asm
                TMR3K_BUF   0x000028       data     static E:\kevin\picasm\sixonemaNew\sixonema.asm
                TMR3K_CNT   0x000029       data     static E:\kevin\picasm\sixonemaNew\sixonema.asm
                 HOFF_TIM   0x00002a       data     static E:\kevin\picasm\sixonemaNew\sixonema.asm
                  RES_END   0x00002b       data     static E:\kevin\picasm\sixonemaNew\sixonema.asm


